---
source: src/parser.rs
expression: "parse_type(\"(->)\")"
---
Located(
    SourceSpan {
        decl: Module(
            ModuleId {
                name: "Test",
            },
        ),
        start: 0,
        end: 4,
    },
    Operator(
        QualifiedName {
            module: None,
            name: Symbol {
                text: "->",
            },
        },
    ),
)
