---
source: src/parser.rs
expression: "parse_expr(r#\" 'a' \"#)"
---
Located(
    SourceSpan {
        decl: Module(
            ModuleId {
                name: "Test",
            },
        ),
        start: 1,
        end: 4,
    },
    Literal(
        Char(
            97,
        ),
    ),
)
