---
source: src/parser.rs
expression: "parse_expr(r#\" foo.if \"#)"
---
Located(
    SourceSpan {
        start: 1,
        end: 7,
    },
    Accessor(
        Located(
            SourceSpan {
                start: 1,
                end: 4,
            },
            Var(
                QualifiedName {
                    symbol: Symbol(
                        Id {
                            value: 1,
                        },
                    ),
                    actually_qualified: false,
                },
            ),
        ),
        Symbol(
            Id {
                value: 2,
            },
        ),
    ),
)
