---
source: src/parser.rs
expression: "parse_module(indoc!(\"\n        module Foo where\n        \"))"
---
Located(
    SourceSpan {
        start: 0,
        end: 16,
    },
    Commented(
        [],
        ModuleInner {
            name: ModuleId {
                name: "Foo",
            },
            exports: None,
            imports: [],
            declarations: [],
        },
    ),
)
