---
source: src/rename.rs
expression: "rename_mod(indoc!(\"module Test where\n                import Prim\n                type X = Int\n            \"),\n    vec![])"
---
type X = Prim.Int


[]
