---
source: src/parser.rs
expression: "parse_expr(\"12.34\")"
---
Located(
    SourceSpan {
        start: 0,
        end: 5,
    },
    Literal(
        Float(
            12.34,
        ),
    ),
)
