---
source: src/parser.rs
expression: "parse_type(\"Either String Int\")"
---
Located(
    SourceSpan {
        decl: Module(
            ModuleId {
                name: "Test",
            },
        ),
        start: 0,
        end: 17,
    },
    TypeApp(
        Located(
            SourceSpan {
                decl: Module(
                    ModuleId {
                        name: "Test",
                    },
                ),
                start: 0,
                end: 13,
            },
            TypeApp(
                Located(
                    SourceSpan {
                        decl: Module(
                            ModuleId {
                                name: "Test",
                            },
                        ),
                        start: 0,
                        end: 6,
                    },
                    TypeConstructor(
                        QualifiedName {
                            module: None,
                            name: Symbol {
                                text: "Either",
                            },
                        },
                    ),
                ),
                Located(
                    SourceSpan {
                        decl: Module(
                            ModuleId {
                                name: "Test",
                            },
                        ),
                        start: 7,
                        end: 13,
                    },
                    TypeConstructor(
                        QualifiedName {
                            module: None,
                            name: Symbol {
                                text: "String",
                            },
                        },
                    ),
                ),
            ),
        ),
        Located(
            SourceSpan {
                decl: Module(
                    ModuleId {
                        name: "Test",
                    },
                ),
                start: 14,
                end: 17,
            },
            TypeConstructor(
                QualifiedName {
                    module: None,
                    name: Symbol {
                        text: "Int",
                    },
                },
            ),
        ),
    ),
)
