---
source: src/renamed_module.rs
expression: "export_decls(indoc!(\"\n    module Test where\n    data Foo\n    \"))"
---
(
    [
        DeclId {
            namespace: Type,
            module: ModuleId {
                [salsa id]: 0,
                name: "Test",
            },
            name: Symbol {
                [salsa id]: 0,
                text: "Foo",
            },
        },
    ],
    [],
)
