---
source: src/indexed_module.rs
expression: "index_module(indoc!(\"\n        module Test where\n        foo :: Int\n        foo = 1\n        \"))"
---
(
    IndexedModule {
        module_id: ModuleId {
            name: "Test",
        },
        types: {},
        values: {
            AbsoluteName {
                module: ModuleId {
                    name: "Test",
                },
                name: Symbol {
                    text: "foo",
                },
            }: ValueDecl {
                name: AbsoluteName {
                    module: ModuleId {
                        name: "Test",
                    },
                    name: Symbol {
                        text: "foo",
                    },
                },
                type_: Some(
                    Located(
                        SourceSpan {
                            decl: Decl(
                                AbsoluteName {
                                    module: ModuleId {
                                        name: "Test",
                                    },
                                    name: Symbol {
                                        text: "foo",
                                    },
                                },
                            ),
                            start: 7,
                            end: 10,
                        },
                        TypeConstructor(
                            QualifiedName {
                                module: None,
                                name: Symbol {
                                    text: "Int",
                                },
                            },
                        ),
                    ),
                ),
                equations: [
                    CaseBranch {
                        pats: [],
                        expr: Unconditional(
                            Located(
                                SourceSpan {
                                    decl: Module(
                                        ModuleId {
                                            name: "Test",
                                        },
                                    ),
                                    start: 35,
                                    end: 36,
                                },
                                Literal(
                                    Integer(
                                        1,
                                    ),
                                ),
                            ),
                        ),
                    },
                ],
            },
        },
        classes: {},
        decls_ref_loc: {
            DeclId(
                Id {
                    value: 1,
                },
            ): 18,
        },
    },
    [],
)
