---
source: src/parser.rs
expression: "parse_type(\"\\\"string\\\"\")"
---
Located(
    SourceSpan {
        start: 0,
        end: 8,
    },
    TypeLevelString(
        PSString(
            [
                115,
                116,
                114,
                105,
                110,
                103,
            ],
        ),
    ),
)
