---
source: src/indexed_module.rs
expression: "index_module(indoc!(\"\n        module Test where\n        foo 1 = 1\n        foo 2 = 2\n        \"))"
---
(
    IndexedModule {
        module_id: ModuleId {
            name: "Test",
        },
        types: {},
        values: {
            AbsoluteName {
                module: ModuleId {
                    name: "Test",
                },
                name: Symbol {
                    text: "foo",
                },
            }: ValueDecl {
                name: AbsoluteName {
                    module: ModuleId {
                        name: "Test",
                    },
                    name: Symbol {
                        text: "foo",
                    },
                },
                type_: None,
                equations: [
                    CaseBranch {
                        pats: [
                            Located(
                                SourceSpan {
                                    decl: Module(
                                        ModuleId {
                                            name: "Test",
                                        },
                                    ),
                                    start: 22,
                                    end: 23,
                                },
                                Literal(
                                    Integer(
                                        1,
                                    ),
                                ),
                            ),
                        ],
                        expr: Unconditional(
                            Located(
                                SourceSpan {
                                    decl: Module(
                                        ModuleId {
                                            name: "Test",
                                        },
                                    ),
                                    start: 26,
                                    end: 27,
                                },
                                Literal(
                                    Integer(
                                        1,
                                    ),
                                ),
                            ),
                        ),
                    },
                    CaseBranch {
                        pats: [
                            Located(
                                SourceSpan {
                                    decl: Decl(
                                        AbsoluteName {
                                            module: ModuleId {
                                                name: "Test",
                                            },
                                            name: Symbol {
                                                text: "foo",
                                            },
                                        },
                                    ),
                                    start: 14,
                                    end: 15,
                                },
                                Literal(
                                    Integer(
                                        2,
                                    ),
                                ),
                            ),
                        ],
                        expr: Unconditional(
                            Located(
                                SourceSpan {
                                    decl: Module(
                                        ModuleId {
                                            name: "Test",
                                        },
                                    ),
                                    start: 36,
                                    end: 37,
                                },
                                Literal(
                                    Integer(
                                        2,
                                    ),
                                ),
                            ),
                        ),
                    },
                ],
            },
        },
        classes: {},
    },
    [],
)
