---
source: src/parser.rs
expression: "parse_expr(\"r { x = 1 }\")"
---
Located(
    SourceSpan {
        start: 0,
        end: 11,
    },
    App(
        Located(
            SourceSpan {
                start: 2,
                end: 11,
            },
            RecordUpdate(
                Located(
                    SourceSpan {
                        start: 0,
                        end: 1,
                    },
                    Var(
                        QualifiedName {
                            [salsa id]: 0,
                            module: None,
                            name: Symbol {
                                [salsa id]: 0,
                                text: "r",
                            },
                        },
                    ),
                ),
                [
                    (
                        Symbol {
                            [salsa id]: 1,
                            text: "x",
                        },
                        Located(
                            SourceSpan {
                                start: 8,
                                end: 9,
                            },
                            Literal(
                                Integer(
                                    1,
                                ),
                            ),
                        ),
                    ),
                ],
            ),
        ),
        [],
    ),
)
