---
source: src/indexed_module.rs
expression: "index_module(indoc!(\"\n        module Test where\n        type Foo = Int\n        \"))"
---
(
    IndexedModule {
        module_id: ModuleId {
            name: "Test",
        },
        types: {
            AbsoluteName {
                module: ModuleId {
                    name: "Test",
                },
                name: Symbol {
                    text: "Foo",
                },
            }: Type(
                TypeSynonymDecl {
                    name: AbsoluteName {
                        module: ModuleId {
                            name: "Test",
                        },
                        name: Symbol {
                            text: "Foo",
                        },
                    },
                    params: [],
                    body: Located(
                        SourceSpan {
                            decl: Decl(
                                AbsoluteName {
                                    module: ModuleId {
                                        name: "Test",
                                    },
                                    name: Symbol {
                                        text: "Foo",
                                    },
                                },
                            ),
                            start: 11,
                            end: 14,
                        },
                        TypeConstructor(
                            QualifiedName {
                                module: None,
                                name: Symbol {
                                    text: "Int",
                                },
                            },
                        ),
                    ),
                },
            ),
        },
        values: {},
        classes: {},
    },
    [],
)
