---
source: src/renamed_module.rs
expression: "import_decls(indoc!(\"\n        module Test where\n        import Lib2 (x)\n        \"))"
---
(
    [
        (
            None,
            DeclId {
                [salsa id]: 0,
                namespace: Value,
                module: ModuleId {
                    [salsa id]: 2,
                    name: "Lib2",
                },
                name: Symbol {
                    [salsa id]: 0,
                    text: "x",
                },
            },
        ),
    ],
    [],
)
