---
source: src/parser.rs
expression: "parse_expr(\"15_000.0\")"
---
Located(
    SourceSpan {
        decl: Module(
            ModuleId {
                name: "Test",
            },
        ),
        start: 0,
        end: 8,
    },
    Literal(
        Float(
            OrderedFloat(
                15000.0,
            ),
        ),
    ),
)
