---
source: src/parser.rs
expression: "parse_expr(\"f \\\\x -> y\")"
---
Located(
    SourceSpan {
        start: 0,
        end: 9,
    },
    App(
        Located(
            SourceSpan {
                start: 0,
                end: 1,
            },
            Var(
                QualifiedName {
                    symbol: Symbol {
                        [salsa id]: 0,
                        text: "f",
                    },
                    actually_qualified: false,
                },
            ),
        ),
        [
            Located(
                SourceSpan {
                    start: 2,
                    end: 9,
                },
                Lam(
                    [
                        Located(
                            SourceSpan {
                                start: 3,
                                end: 4,
                            },
                            Var(
                                Symbol {
                                    [salsa id]: 1,
                                    text: "x",
                                },
                            ),
                        ),
                    ],
                    Located(
                        SourceSpan {
                            start: 8,
                            end: 9,
                        },
                        Var(
                            QualifiedName {
                                symbol: Symbol {
                                    [salsa id]: 2,
                                    text: "y",
                                },
                                actually_qualified: false,
                            },
                        ),
                    ),
                ),
            ),
        ],
    ),
)
